Evidence

Action: create_session_from_bundle
Role: Initiator (Alice)
Implementation: Rust/WASM

Classical Ephemeral (X25519): 32 bytes
PQC Ciphertext (ML-KEM-768): 1088 bytes

Handshake Payload:
{
  "sender_ephemeral_key": [
    179,
    145,
    6,
    209,
    33,
    89,
    177,
    42,
    188,
    163,
    154,
    34,
    140,
    229,
    139,
    52,
    122,
    80,
    88,
    167,
    171,
    121,
    1,
    227,
    166,
    215,
    226,
    26,
    33,
    104,
    117,
    ...

Result:
Encapsulation successful
PASS