
> frontend@0.0.0 build
> vite build

[36mvite v8.1.0 [32mbuilding client environment for production...[36m[39m
[2K
transforming...Γ£ô 85 modules transformed.
node.exe : [31mΓ£ù[39m Build failed in 634ms
At line:1 char:1
+ & "C:\Program Files\nodejs/node.exe" "C:\Program Files\nodejs/node_mo ...
+ ~~~~~~~~~~~~~~~~~~~~~~~~~~~~~~~~~~~~~~~~~~~~~~~~~~~~~~~~~~~~~~~~~~~~~
    + CategoryInfo          : NotSpecified: ([31mΓ£ù[39m Build failed in 634ms:String) [], RemoteException
    + FullyQualifiedErrorId : NativeCommandError
 
[31merror during build:
[31mBuild failed with 1 error:

[31m[PARSE_ERROR] [0mExpected a semicolon or an implicit semicolon after a statement, but found none
     [38;5;246mΓò¡[0m[38;5;246mΓöÇ[0m[38;5;246m[[0m src/js/backup_manager.js:229:10 [38;5;246m][0m
     [38;5;246mΓöé[0m
 [38;5;246m229 Γöé[0m [38;5;249m [0m[38;5;249m [0m[38;5;249m [0m[38;5;249m 
[0m[38;5;249ma[0m[38;5;249ms[0m[38;5;249my[0m[38;5;249mn[0m[38;5;249mc[0m[38;5;249m [0m[38;5;249me[0m[3
8;5;249mn[0m[38;5;249mc[0m[38;5;249mr[0m[38;5;249my[0m[38;5;249mp[0m[38;5;249mt[0m[38;5;249mB[0m[38;5;249
ma[0m[38;5;249mc[0m[38;5;249mk[0m[38;5;249mu[0m[38;5;249mp[0m[38;5;249m([0m[38;5;249md[0m[38;5;249ma[0m
[38;5;249mt[0m[38;5;249ma[0m[38;5;249m,[0m[38;5;249m [0m[38;5;249mp[0m[38;5;249ma[0m[38;5;249ms[0m[38;5;2
49ms[0m[38;5;249mw[0m[38;5;249mo[0m[38;5;249mr[0m[38;5;249md[0m[38;5;249m)[0m[38;5;249m 
[0m[38;5;249m{[0m
 [38;5;240m    Γöé[0m          Γöé 
 [38;5;240m    Γöé[0m          Γò░ΓöÇ 
 [38;5;240m    Γöé[0m 
 [38;5;240m    Γöé[0m [38;5;115mHelp[0m: Try inserting a semicolon here
[38;5;246mΓöÇΓöÇΓöÇΓöÇΓöÇΓò»[0m
[31m
    at aggregateBindingErrorsIntoJsError (file:///C:/Users/matia/OneDrive/Desktop/hermeticos/frontend/node_modules/roll
down/dist/shared/error-B68YLzl3.mjs:48:18)
    at unwrapBindingResult (file:///C:/Users/matia/OneDrive/Desktop/hermeticos/frontend/node_modules/rolldown/dist/shar
ed/error-B68YLzl3.mjs:18:128)
    at #build (file:///C:/Users/matia/OneDrive/Desktop/hermeticos/frontend/node_modules/rolldown/dist/shared/rolldown-b
uild-DR0wzp0V.mjs:3256:34)
    at async buildEnvironment 
(file:///C:/Users/matia/OneDrive/Desktop/hermeticos/frontend/node_modules/vite/dist/node/chunks/node.js:32575:66)
    at async Object.build 
(file:///C:/Users/matia/OneDrive/Desktop/hermeticos/frontend/node_modules/vite/dist/node/chunks/node.js:32997:19)
    at async Object.buildApp 
(file:///C:/Users/matia/OneDrive/Desktop/hermeticos/frontend/node_modules/vite/dist/node/chunks/node.js:32994:153)
    at async CAC.<anonymous> 
(file:///C:/Users/matia/OneDrive/Desktop/hermeticos/frontend/node_modules/vite/dist/node/cli.js:777:3) {
  errors: [Getter/Setter]
}[39m
